
> health-metrics-server@1.0.0 test
> cross-env NODE_OPTIONS=--experimental-vm-modules jest --detectOpenHandles --runInBand src/__tests__/analyticsController.test.js

node.exe : (node:14848) ExperimentalWarning: VM Modules is an 
experimental feature and might change at any time
At C:\Program Files\nodejs\npm.ps1:29 char:3
+   & $NODE_EXE $NPM_CLI_JS $args
+   ~~~~~~~~~~~~~~~~~~~~~~~~~~~~~
    + CategoryInfo          : NotSpecified: ((node:14848) Ex.. 
   .nge at any time:String) [], RemoteException
    + FullyQualifiedErrorId : NativeCommandError
 
(Use `node --trace-warnings ...` to show where the warning was 
created)
FAIL src/__tests__/analyticsController.test.js
  Analytics Controller
    getLatestAnalytics
      ├ù should return latest analytics for valid metric type 
(8 ms)
      ΓêÜ should return error for invalid metric type (5 ms)
      ├ù should return null data if no analytics found (4 ms)
    getAllAnalytics
      ├ù should return all analytics with pagination (3 ms)
      ├ù should filter by metric type (3 ms)
    getAnalyticsById
      ├ù should return analytics by ID (2 ms)
      ├ù should return 404 if not found (4 ms)
    getAnomalies
      ├ù should return anomalies (3 ms)
    getAnalyticsSummary
      ├ù should return analytics summary (2 ms)
    deleteAnalytics
      ├ù should delete analytics (9 ms)
      ├ù should return 404 if analytics to delete not found (3 
ms)

  ΓùÅ Analytics Controller ΓÇ║ getLatestAnalytics ΓÇ║ should 
return latest analytics for valid metric type

    TypeError: Analytics.findOne.mockReturnValue is not a 
function

    [0m [90m 41 |[39m                 exec[33m:[39m 
jest[33m.[39mfn()[33m.[39mmockResolvedValue(mockAnalytics)
     [90m 42 |[39m             }[33m;[39m
    [31m[1m>[22m[39m[90m 43 |[39m             [33mAnalyt
ics[39m[33m.[39mfindOne[33m.[39mmockReturnValue(mockQuery)
[33m;[39m
     [90m    |[39m                               
[31m[1m^[22m[39m
     [90m 44 |[39m
     [90m 45 |[39m             [36mawait[39m 
getLatestAnalytics(req[33m,[39m res[33m,[39m 
next)[33m;[39m
     [90m 46 |[39m[0m

      at Object.<anonymous> 
(src/__tests__/analyticsController.test.js:43:31)

  ΓùÅ Analytics Controller ΓÇ║ getLatestAnalytics ΓÇ║ should 
return null data if no analytics found

    TypeError: Analytics.findOne.mockReturnValue is not a 
function

    [0m [90m 73 |[39m                 exec[33m:[39m 
jest[33m.[39mfn()[33m.[39mmockResolvedValue([36mnull[39m)
     [90m 74 |[39m             }[33m;[39m
    [31m[1m>[22m[39m[90m 75 |[39m             [33mAnalyt
ics[39m[33m.[39mfindOne[33m.[39mmockReturnValue(mockQuery)
[33m;[39m
     [90m    |[39m                               
[31m[1m^[22m[39m
     [90m 76 |[39m
     [90m 77 |[39m             [36mawait[39m 
getLatestAnalytics(req[33m,[39m res[33m,[39m 
next)[33m;[39m
     [90m 78 |[39m[0m

      at Object.<anonymous> 
(src/__tests__/analyticsController.test.js:75:31)

  ΓùÅ Analytics Controller ΓÇ║ getAllAnalytics ΓÇ║ should 
return all analytics with pagination

    TypeError: Analytics.find.mockReturnValue is not a function

    [0m [90m  98 |[39m                 exec[33m:[39m jest
[33m.[39mfn()[33m.[39mmockResolvedValue(mockAnalyticsList)
     [90m  99 |[39m             }[33m;[39m
    [31m[1m>[22m[39m[90m 100 |[39m             [33mAnaly
tics[39m[33m.[39mfind[33m.[39mmockReturnValue(mockFindQuer
y)[33m;[39m
     [90m     |[39m                            
[31m[1m^[22m[39m
     [90m 101 |[39m             [33mAnalytics[39m[33m.[39
mcountDocuments[33m.[39mmockResolvedValue(totalCount)[33m;[
39m
     [90m 102 |[39m
     [90m 103 |[39m             [36mawait[39m 
getAllAnalytics(req[33m,[39m res[33m,[39m 
next)[33m;[39m[0m

      at Object.<anonymous> 
(src/__tests__/analyticsController.test.js:100:28)

  ΓùÅ Analytics Controller ΓÇ║ getAllAnalytics ΓÇ║ should 
filter by metric type

    TypeError: Analytics.find.mockReturnValue is not a function

    [0m [90m 122 |[39m                 exec[33m:[39m 
jest[33m.[39mfn()[33m.[39mmockResolvedValue([])
     [90m 123 |[39m             }[33m;[39m
    [31m[1m>[22m[39m[90m 124 |[39m             [33mAnaly
tics[39m[33m.[39mfind[33m.[39mmockReturnValue(mockFindQuer
y)[33m;[39m
     [90m     |[39m                            
[31m[1m^[22m[39m
     [90m 125 |[39m             [33mAnalytics[39m[33m.[39
mcountDocuments[33m.[39mmockResolvedValue([35m0[39m)[33m;
[39m
     [90m 126 |[39m
     [90m 127 |[39m             [36mawait[39m 
getAllAnalytics(req[33m,[39m res[33m,[39m 
next)[33m;[39m[0m

      at Object.<anonymous> 
(src/__tests__/analyticsController.test.js:124:28)

  ΓùÅ Analytics Controller ΓÇ║ getAnalyticsById ΓÇ║ should 
return analytics by ID

    TypeError: Analytics.findOne.mockReturnValue is not a 
function

    [0m [90m 142 |[39m                 exec[33m:[39m 
jest[33m.[39mfn()[33m.[39mmockResolvedValue(mockAnalytics)
     [90m 143 |[39m             }[33m;[39m
    [31m[1m>[22m[39m[90m 144 |[39m             [33mAnaly
tics[39m[33m.[39mfindOne[33m.[39mmockReturnValue(mockQuery
)[33m;[39m
     [90m     |[39m                               
[31m[1m^[22m[39m
     [90m 145 |[39m
     [90m 146 |[39m             [36mawait[39m 
getAnalyticsById(req[33m,[39m res[33m,[39m next)[33m;[39m
     [90m 147 |[39m[0m

      at Object.<anonymous> 
(src/__tests__/analyticsController.test.js:144:31)

  ΓùÅ Analytics Controller ΓÇ║ getAnalyticsById ΓÇ║ should 
return 404 if not found

    TypeError: Analytics.findOne.mockReturnValue is not a 
function

    [0m [90m 163 |[39m                 exec[33m:[39m 
jest[33m.[39mfn()[33m.[39mmockResolvedValue([36mnull[39m)
     [90m 164 |[39m             }[33m;[39m
    [31m[1m>[22m[39m[90m 165 |[39m             [33mAnaly
tics[39m[33m.[39mfindOne[33m.[39mmockReturnValue(mockQuery
)[33m;[39m
     [90m     |[39m                               
[31m[1m^[22m[39m
     [90m 166 |[39m
     [90m 167 |[39m             [36mawait[39m 
getAnalyticsById(req[33m,[39m res[33m,[39m next)[33m;[39m
     [90m 168 |[39m[0m

      at Object.<anonymous> 
(src/__tests__/analyticsController.test.js:165:31)

  ΓùÅ Analytics Controller ΓÇ║ getAnomalies ΓÇ║ should return 
anomalies

    TypeError: Analytics.find.mockReturnValue is not a function

    [0m [90m 185 |[39m             }[33m;[39m
     [90m 186 |[39m             [90m// Analytics.find 
returns a query object which we chain methods on[39m
    [31m[1m>[22m[39m[90m 187 |[39m             [33mAnaly
tics[39m[33m.[39mfind[33m.[39mmockReturnValue(mockQuery)[
33m;[39m
     [90m     |[39m                            
[31m[1m^[22m[39m
     [90m 188 |[39m
     [90m 189 |[39m             [36mawait[39m 
getAnomalies(req[33m,[39m res[33m,[39m next)[33m;[39m
     [90m 190 |[39m[0m

      at Object.<anonymous> 
(src/__tests__/analyticsController.test.js:187:28)

  ΓùÅ Analytics Controller ΓÇ║ getAnalyticsSummary ΓÇ║ should 
return analytics summary

    TypeError: Analytics.aggregate.mockResolvedValue is not a 
function

    [0m [90m 213 |[39m             }][33m;[39m
     [90m 214 |[39m
    [31m[1m>[22m[39m[90m 215 |[39m             [33mAnaly
tics[39m[33m.[39maggregate[33m.[39mmockResolvedValue(mockS
ummary)[33m;[39m
     [90m     |[39m                                 
[31m[1m^[22m[39m
     [90m 216 |[39m
     [90m 217 |[39m             [36mawait[39m 
getAnalyticsSummary(req[33m,[39m res[33m,[39m 
next)[33m;[39m
     [90m 218 |[39m[0m

      at Object.<anonymous> 
(src/__tests__/analyticsController.test.js:215:33)

  ΓùÅ Analytics Controller ΓÇ║ deleteAnalytics ΓÇ║ should 
delete analytics

    TypeError: Analytics.findOneAndDelete.mockResolvedValue is 
not a function

    [0m [90m 232 |[39m         it([32m'should delete 
analytics'[39m[33m,[39m [36masync[39m () [33m=>[39m {
     [90m 233 |[39m             
req[33m.[39mparams[33m.[39mid [33m=[39m 
[32m'analytics123'[39m[33m;[39m
    [31m[1m>[22m[39m[90m 234 |[39m             [33mAnaly
tics[39m[33m.[39mfindOneAndDelete[33m.[39mmockResolvedValu
e({ id[33m:[39m [32m'analytics123'[39m })[33m;[39m
     [90m     |[39m                                        
[31m[1m^[22m[39m
     [90m 235 |[39m
     [90m 236 |[39m             [36mawait[39m 
deleteAnalytics(req[33m,[39m res[33m,[39m next)[33m;[39m
     [90m 237 |[39m[0m

      at Object.<anonymous> 
(src/__tests__/analyticsController.test.js:234:40)

  ΓùÅ Analytics Controller ΓÇ║ deleteAnalytics ΓÇ║ should 
return 404 if analytics to delete not found

    TypeError: Analytics.findOneAndDelete.mockResolvedValue is 
not a function

    [0m [90m 250 |[39m         it([32m'should return 404 
if analytics to delete not found'[39m[33m,[39m 
[36masync[39m () [33m=>[39m {
     [90m 251 |[39m             
req[33m.[39mparams[33m.[39mid [33m=[39m 
[32m'analytics123'[39m[33m;[39m
    [31m[1m>[22m[39m[90m 252 |[39m             [33mAnaly
tics[39m[33m.[39mfindOneAndDelete[33m.[39mmockResolvedValu
e([36mnull[39m)[33m;[39m
     [90m     |[39m                                        
[31m[1m^[22m[39m
     [90m 253 |[39m
     [90m 254 |[39m             [36mawait[39m 
deleteAnalytics(req[33m,[39m res[33m,[39m next)[33m;[39m
     [90m 255 |[39m[0m

      at Object.<anonymous> 
(src/__tests__/analyticsController.test.js:252:40)

Test Suites: 1 failed, 1 total
Tests:       10 failed, 1 passed, 11 total
Snapshots:   0 total
Time:        2.411 s, estimated 3 s
Ran all test suites matching 
/src\\__tests__\\analyticsController.test.js/i.
